22:23:09 **** Incremental Build of configuration Debug for project Lab_1 ****
make -j32 all 
arm-none-eabi-gcc "../Core/Src/main.c" -mcpu=cortex-m3 -std=gnu11 -g3 -DDEBUG -DUSE_HAL_DRIVER -DSTM32F103x6 -c -I../Core/Inc -I../Drivers/STM32F1xx_HAL_Driver/Inc -I../Drivers/STM32F1xx_HAL_Driver/Inc/Legacy -I../Drivers/CMSIS/Device/ST/STM32F1xx/Include -I../Drivers/CMSIS/Include -O0 -ffunction-sections -fdata-sections -Wall -fstack-usage -MMD -MP -MF"Core/Src/main.d" -MT"Core/Src/main.o" --specs=nano.specs -mfloat-abi=soft -mthumb -o "Core/Src/main.o"
arm-none-eabi-gcc -o "Lab_1.elf" @"objects.list"   -mcpu=cortex-m3 -T"E:\Study\HK261\VXL_VDK\LAB\LAB1\Lab_1\STM32F103C6UX_FLASH.ld" --specs=nosys.specs -Wl,-Map="Lab_1.map" -Wl,--gc-sections -static --specs=nano.specs -mfloat-abi=soft -mthumb -Wl,--start-group -lc -lm -Wl,--end-group
Finished building target: Lab_1.elf
 
arm-none-eabi-size   Lab_1.elf 
arm-none-eabi-objdump -h -S  Lab_1.elf  > "Lab_1.list"
arm-none-eabi-objcopy  -O ihex  Lab_1.elf  "Lab_1.hex"
   text	   data	    bss	    dec	    hex	filename
   4544	     20	   1572	   6136	   17f8	Lab_1.elf
arm-none-eabi-objcopy  -O binary  Lab_1.elf  "Lab_1.bin"
Finished building: default.size.stdout
 
Finished building: Lab_1.hex
 
Finished building: Lab_1.bin
Finished building: Lab_1.list
 
 

22:23:09 Build Finished. 0 errors, 0 warnings. (took 406ms)

