00:56:10 **** Incremental Build of configuration Debug for project Lab_1_6 ****
make -j32 all 
arm-none-eabi-gcc -o "Lab_1_6.elf" @"objects.list"   -mcpu=cortex-m3 -T"E:\Study\HK261\VXL_VDK\LAB\LAB1\Lab_1_6\STM32F103C6UX_FLASH.ld" --specs=nosys.specs -Wl,-Map="Lab_1_6.map" -Wl,--gc-sections -static --specs=nano.specs -mfloat-abi=soft -mthumb -Wl,--start-group -lc -lm -Wl,--end-group
Finished building target: Lab_1_6.elf
 
arm-none-eabi-size   Lab_1_6.elf 
arm-none-eabi-objdump -h -S  Lab_1_6.elf  > "Lab_1_6.list"
   text	   data	    bss	    dec	    hex	filename
   4580	     44	   1572	   6196	   1834	Lab_1_6.elf
arm-none-eabi-objcopy  -O ihex  Lab_1_6.elf  "Lab_1_6.hex"
arm-none-eabi-objcopy  -O binary  Lab_1_6.elf  "Lab_1_6.bin"
Finished building: default.size.stdout
 
Finished building: Lab_1_6.hex
Finished building: Lab_1_6.list
Finished building: Lab_1_6.bin
 
 
 

00:56:10 Build Finished. 0 errors, 0 warnings. (took 332ms)

