10:36:38 **** Incremental Build of configuration Debug for project Lab_1_10 ****
make -j32 all 
arm-none-eabi-gcc "../Core/Src/main.c" -mcpu=cortex-m3 -std=gnu11 -g3 -DDEBUG -DUSE_HAL_DRIVER -DSTM32F103x6 -c -I../Core/Inc -I../Drivers/STM32F1xx_HAL_Driver/Inc -I../Drivers/STM32F1xx_HAL_Driver/Inc/Legacy -I../Drivers/CMSIS/Device/ST/STM32F1xx/Include -I../Drivers/CMSIS/Include -O0 -ffunction-sections -fdata-sections -Wall -fstack-usage -MMD -MP -MF"Core/Src/main.d" -MT"Core/Src/main.o" --specs=nano.specs -mfloat-abi=soft -mthumb -o "Core/Src/main.o"
arm-none-eabi-gcc -o "Lab_1_10.elf" @"objects.list"   -mcpu=cortex-m3 -T"E:\Study\HK261\VXL_VDK\LAB\LAB1\Lab_1_10\STM32F103C6UX_FLASH.ld" --specs=nosys.specs -Wl,-Map="Lab_1_10.map" -Wl,--gc-sections -static --specs=nano.specs -mfloat-abi=soft -mthumb -Wl,--start-group -lc -lm -Wl,--end-group
Finished building target: Lab_1_10.elf
 
arm-none-eabi-size   Lab_1_10.elf 
arm-none-eabi-objdump -h -S  Lab_1_10.elf  > "Lab_1_10.list"
arm-none-eabi-objcopy  -O ihex  Lab_1_10.elf  "Lab_1_10.hex"
   text	   data	    bss	    dec	    hex	filename
   4764	     44	   1580	   6388	   18f4	Lab_1_10.elf
arm-none-eabi-objcopy  -O binary  Lab_1_10.elf  "Lab_1_10.bin"
Finished building: default.size.stdout
 
Finished building: Lab_1_10.hex
Finished building: Lab_1_10.list
Finished building: Lab_1_10.bin
 
 
 

10:36:39 Build Finished. 0 errors, 0 warnings. (took 813ms)

